{"id":1,"name":"Pilsen","brewery":"Bavaria","country":"Colombia","price":2400,"currency":"COP"}