[{"id":1,"name":"Pilsen","brewery":"Bavaria","country":"Colombia","price":2400,"currency":"COP"},{"id":2,"name":"Brava","brewery":"Bavaria","country":"Colombia","price":2000,"currency":"COP"},{"id":3,"name":"Corona","brewery":"Bavaria","country":"Mexico","price":200,"currency":"MXN"},{"id":4,"name":"Budweiser","brewery":"Bavaria","country":"Colombia","price":2.5,"currency":"USD"},{"id":5,"name":"Leona","brewery":"Bavaria","country":"Colombia","price":2000,"currency":"COP"},{"id":6,"name":"Reds","brewery":"Bavaria","country":"Colombia","price":3,"currency":"EUR"}]