{
  "id": "1",
  "name": "Pilsen",
  "brewery": "Babaria",
  "country": "Colombia",
  "price": 2300,
  "currency": "COP"
}